Microchip MPLAB XC8 Compiler V1.12 ()

Linker command line:

--edf=/opt/microchip/xc8/v1.12/dat/en_msgs.txt -cs \
  -h+dist/default/production/pic18f46k80_playground.production.sym -z \
  -Q18F46K80 -ol.obj \
  -Mdist/default/production/pic18f46k80_playground.production.map -E1 \
  -ver=XC8 -ACODE=00h-0FFFFh -ACONST=00h-0FFFFh \
  -ASMALLCONST=0F00h-0FFFhx241 -AMEDIUMCONST=0F00h-0FFFFh -ACOMRAM=01h-05Fh \
  -AABS1=00h-0E40h -ABIGRAM=01h-0E40h \
  -ARAM=060h-0FFh,0100h-01FFhx13,0E00h-0E40h -ABANK0=060h-0FFh \
  -ABANK1=0100h-01FFh -ABANK2=0200h-02FFh -ABANK3=0300h-03FFh \
  -ABANK4=0400h-04FFh -ABANK5=0500h-05FFh -ABANK6=0600h-06FFh \
  -ABANK7=0700h-07FFh -ABANK8=0800h-08FFh -ABANK9=0900h-09FFh \
  -ABANK10=0A00h-0AFFh -ABANK11=0B00h-0BFFh -ABANK12=0C00h-0CFFh \
  -ABANK13=0D00h-0DFFh -ABANK14=0E00h-0E40h \
  -ASFR=0E41h-0EFFh,0F00h-0F5Fh,0F60h-0FFFh \
  -preset_vec=00h,intcode=08h,intcodelo=018h,powerup,init,end_init \
  -pramtop=0F00h -psmallconst=SMALLCONST -pmediumconst=MEDIUMCONST \
  -pconst=CONST -AFARRAM=00h-00h -ACONFIG=0300000h-030000Dh -pconfig=CONFIG \
  -AIDLOC=0200000h-0200007h -pidloc=IDLOC -AEEDATA=0F00000h-0F003FFh \
  -peeprom_data=EEDATA \
  -prdata=COMRAM,nvrram=COMRAM,nvbit=COMRAM,rbss=COMRAM,rbit=COMRAM \
  -pfarbss=FARRAM,fardata=FARRAM \
  -pintsave_regs=BIGRAM,bigbss=BIGRAM,bigdata=BIGRAM -pbss=RAM \
  -pidata=CODE,irdata=CODE,ibigdata=CODE,ifardata=CODE /tmp/cgtXifRcj.obj \
  dist/default/production/pic18f46k80_playground.production.obj 

Object code version is 3.10

Machine type is 18F46K80

Call graph: (short form)




                Name                               Link     Load   Length Selector   Space Scale
/tmp/cgtXifRcj.obj
                end_init                            11E      11E        4        C       0
                reset_vec                             0        0        4        0       0
                idloc                            200000   200000        8   200000       0
                config                           300000   300000        E   300000       0
dist/default/production/pic18f46k80_playground.production.obj
                intcodelo                            18       18      106        C       0
                intcode                               8        8       10        4       0
                smallconst                          F00      F00       7C      780       0
                text25                             1BFC     1BFC       A0      7BE       0
                text24                             1938     1938       C0      7BE       0
                text23                             1F0C     1F0C       20      7BE       0
                text22                             1F62     1F62       18      7BE       0
                text21                             120A     120A      28E      7BE       0
                text20                             1FB6     1FB6        4      7BE       0
                text19                             1E00     1E00       48      7BE       0
                intcode_body                       1AAE     1AAE       AE      7BE       0
                text17                             1DA4     1DA4       5C      7BE       0
                text16                             1D38     1D38       6C      7BE       0
                text15                             1EEC     1EEC       20      7BE       0
                text14                             1F7A     1F7A       16      7BE       0
                text13                             16A8     16A8      1D0      7BE       0
                text11                             1B5C     1B5C       A0      7BE       0
                text10                             1878     1878       C0      7BE       0
                text9                              1C9C     1C9C       9C      7BE       0
                text8                              1E80     1E80       2A      7BE       0
                text7                              1FA4     1FA4       12      7BE       0
                text6                              1ECC     1ECC       20      7BE       0
                text5                              1F4A     1F4A       18      7BE       0
                text4                              1F2C     1F2C       1E      7BE       0
                text3                              19F8     19F8       B6      7BE       0
                text2                              1EAA     1EAA       22      7BE       0
                text1                               F7C      F7C      28E      7BE       0
                text0                              1498     1498      210      7BE       0
                cstackCOMRAM                          1        1       30        1       1
                cstackBANK0                          60       60       56       60       1
                bssBANK0                             B6       B6        2       60       1
                dataCOMRAM                           31       31       14        1       1
                bssCOMRAM                            45       45        E        1       1
                cinit                              1E48     1E48       38      7BE       0
                idataCOMRAM                        1F90     1F90       14      7BE       0

TOTAL           Name                               Link     Load   Length     Space
        CLASS   CODE           
                end_init                            11E      11E        4         0
                intcodelo                            18       18      106         0
                intcode                               8        8       10         0
                reset_vec                             0        0        4         0
                text25                             1BFC     1BFC       A0         0
                text24                             1938     1938       C0         0
                text23                             1F0C     1F0C       20         0
                text22                             1F62     1F62       18         0
                text21                             120A     120A      28E         0
                text20                             1FB6     1FB6        4         0
                text19                             1E00     1E00       48         0
                intcode_body                       1AAE     1AAE       AE         0
                text17                             1DA4     1DA4       5C         0
                text16                             1D38     1D38       6C         0
                text15                             1EEC     1EEC       20         0
                text14                             1F7A     1F7A       16         0
                text13                             16A8     16A8      1D0         0
                text11                             1B5C     1B5C       A0         0
                text10                             1878     1878       C0         0
                text9                              1C9C     1C9C       9C         0
                text8                              1E80     1E80       2A         0
                text7                              1FA4     1FA4       12         0
                text6                              1ECC     1ECC       20         0
                text5                              1F4A     1F4A       18         0
                text4                              1F2C     1F2C       1E         0
                text3                              19F8     19F8       B6         0
                text2                              1EAA     1EAA       22         0
                text1                               F7C      F7C      28E         0
                text0                              1498     1498      210         0
                cinit                              1E48     1E48       38         0
                idataCOMRAM                        1F90     1F90       14         0

        CLASS   CONST          

        CLASS   SMALLCONST     
                smallconst                          F00      F00       7C         0

        CLASS   MEDIUMCONST    

        CLASS   COMRAM         
                cstackCOMRAM                          1        1       30         1
                dataCOMRAM                           31       31       14         1
                bssCOMRAM                            45       45        E         1

        CLASS   ABS1           

        CLASS   BIGRAM         

        CLASS   RAM            

        CLASS   BANK0          
                cstackBANK0                          60       60       56         1
                bssBANK0                             B6       B6        2         1

        CLASS   BANK1          

        CLASS   BANK2          

        CLASS   BANK3          

        CLASS   BANK4          

        CLASS   BANK5          

        CLASS   BANK6          

        CLASS   BANK7          

        CLASS   BANK8          

        CLASS   BANK9          

        CLASS   BANK10         

        CLASS   BANK11         

        CLASS   BANK12         

        CLASS   BANK13         

        CLASS   BANK14         

        CLASS   SFR            

        CLASS   FARRAM         

        CLASS   CONFIG         
                config                           300000   300000        E         0

        CLASS   IDLOC          
                idloc                            200000   200000        8         0

        CLASS   EEDATA         



SEGMENTS        Name                           Load    Length   Top    Selector   Space  Class

                reset_vec                      000000  000004  000004         0       0  CODE    
                cstackCOMRAM                   000001  000052  000053         1       1  COMRAM  
                intcode                        000008  000010  000018         4       0  CODE    
                intcodelo                      000018  00010A  000122         C       0  CODE    
                cstackBANK0                    000060  000058  0000B8        60       1  BANK0   
                smallconst                     000F00  00007C  000F7C       780       0  SMALLCON
                text1                          000F7C  00103E  001FBA       7BE       0  CODE    
                idloc                          200000  000008  200008    200000       0  IDLOC   
                config                         300000  00000E  30000E    300000       0  CONFIG  


UNUSED ADDRESS RANGES

        Name                Unused          Largest block    Delta
        BANK0            0000B8-0000FF               48
        BANK1            000100-0001FF              100
        BANK10           000A00-000AFF              100
        BANK11           000B00-000BFF              100
        BANK12           000C00-000CFF              100
        BANK13           000D00-000DFF              100
        BANK14           000E00-000E40               41
        BANK2            000200-0002FF              100
        BANK3            000300-0003FF              100
        BANK4            000400-0004FF              100
        BANK5            000500-0005FF              100
        BANK6            000600-0006FF              100
        BANK7            000700-0007FF              100
        BANK8            000800-0008FF              100
        BANK9            000900-0009FF              100
        BIGRAM           000053-00005F                D
                         0000B8-000E40              D89
        CODE             000004-000007                4
                         000122-000EFF              DDE
                         001FBA-00FFFF             E046
        COMRAM           000053-00005F                D
        CONST            000004-000007                4
                         000122-000EFF              DDE
                         001FBA-00FFFF             E046
        EEDATA           F00000-F003FF              400
        MEDIUMCONST      001FBA-00FFFF             E046
        RAM              0000B8-000E40              100
        SFR              000E41-000FFF               BF
        SMALLCONST       001FBA-00FFFF              100

                                  Symbol Table

?_Delay10KTCYx                cstackBANK0  00008B
?_Open2USART                  cstackBANK0  00008B
?_OpenTimer0                  cstackBANK0  00008B
?_Write2USART                 cstackBANK0  00008B
?_WriteTimer0                 cstackBANK0  00008B
?___lwdiv                     cstackBANK0  00008B
?___lwmod                     cstackBANK0  000093
?_printf                      cstackBANK0  000099
?_putch                       cstackBANK0  00008C
?i1_Write2USART               cstackCOMRAM 000001
?i1___lwdiv                   cstackCOMRAM 000001
?i1___lwmod                   cstackCOMRAM 000009
?i1_printf                    cstackCOMRAM 00000F
?i1_putch                     cstackCOMRAM 000002
?i2_Write2USART               cstackBANK0  000060
?i2___lwdiv                   cstackBANK0  000060
?i2___lwmod                   cstackBANK0  000068
?i2_printf                    cstackBANK0  00006E
?i2_putch                     cstackBANK0  000061
Delay10KTCYx@unit             cstackBANK0  00008B
Open2USART@config             cstackBANK0  00008B
Open2USART@spbrg              cstackBANK0  00008C
OpenTimer0@config             cstackBANK0  00008B
Read2USART@data               cstackBANK0  000060
Write2USART@data              cstackBANK0  00008B
WriteTimer0@timer             cstackBANK0  00008D
WriteTimer0@timer0            cstackBANK0  00008B
_ADCON0                       (abs)        000FC2
_ADCON1                       (abs)        000FC1
_ADCON2                       (abs)        000FC0
_ADIE                         (abs)        007CEE
_ADIF                         (abs)        007CF6
_ADIP                         (abs)        007CFE
_ADRESH                       (abs)        000FC4
_ADRESL                       (abs)        000FC3
_ANSEL0                       (abs)        007AE8
_ANSEL1                       (abs)        007AE9
_ANSEL2                       (abs)        007AEA
_ANSEL3                       (abs)        007AEB
_ANSEL4                       (abs)        007AEC
_ANSEL5                       (abs)        007AED
_ConfigureOscillator          text2        001EAA
_Delay10KTCYx                 text4        001F2C
_GIE                          (abs)        007F97
_GODONE                       (abs)        007E11
_HFIOFS                       (abs)        007E9A
_INTCONbits                   (abs)        000FF2
_IPEN                         (abs)        007E87
_InitApp                      text3        0019F8
_LATCbits                     (abs)        000F8B
_LATDbits                     (abs)        000F8C
_OSCCON                       (abs)        000FD3
_OSCTUNE                      (abs)        000F9B
_Open2USART                   text9        001C9C
_OpenTimer0                   text8        001E80
_PEIE                         (abs)        007F96
_PIE3bits                     (abs)        000FA3
_RC2IE                        (abs)        007D1D
_RC2IF                        (abs)        007D25
_RC2IP                        (abs)        007D2D
_RCREG2                       (abs)        000F7A
_RCSTA2                       (abs)        000FA6
_RCSTA2bits                   (abs)        000FA6
_REPU                         (abs)        007AB6
_Read2USART                   text19       001E00
_SPBRG2                       (abs)        000F7B
_SPBRGH2                      (abs)        000F7C
_T0CON                        (abs)        000FD5
_T0CONbits                    (abs)        000FD5
_TMR0H                        (abs)        000FD7
_TMR0IF                       (abs)        007F92
_TMR0L                        (abs)        000FD6
_TRISAbits                    (abs)        000F92
_TRISCbits                    (abs)        000F94
_TRISDbits                    (abs)        000F95
_TRISE                        (abs)        000F96
_TRISEbits                    (abs)        000F96
_TXREG2                       (abs)        000F79
_TXSTA2                       (abs)        000FBA
_TXSTA2bits                   (abs)        000FBA
_USART2_Status                bssBANK0     0000B6
_Write2USART                  text6        001ECC
_WriteTimer0                  text7        001FA4
__CFG_BBSIZ$BB2K              (abs)        000000
__CFG_BOREN$SBORDIS           (abs)        000000
__CFG_BORPWR$ZPBORMV          (abs)        000000
__CFG_BORV$3                  (abs)        000000
__CFG_CANMX$PORTB             (abs)        000000
__CFG_CP0$OFF                 (abs)        000000
__CFG_CP1$OFF                 (abs)        000000
__CFG_CP2$OFF                 (abs)        000000
__CFG_CP3$OFF                 (abs)        000000
__CFG_CPB$OFF                 (abs)        000000
__CFG_CPD$OFF                 (abs)        000000
__CFG_EBTR0$OFF               (abs)        000000
__CFG_EBTR1$OFF               (abs)        000000
__CFG_EBTR2$OFF               (abs)        000000
__CFG_EBTR3$OFF               (abs)        000000
__CFG_EBTRB$OFF               (abs)        000000
__CFG_FCMEN$OFF               (abs)        000000
__CFG_FOSC$INTIO2             (abs)        000000
__CFG_IESO$OFF                (abs)        000000
__CFG_INTOSCSEL$HIGH          (abs)        000000
__CFG_MCLRE$ON                (abs)        000000
__CFG_MSSPMSK$MSK7            (abs)        000000
__CFG_PLLCFG$ON               (abs)        000000
__CFG_PWRTEN$OFF              (abs)        000000
__CFG_RETEN$OFF               (abs)        000000
__CFG_SOSCSEL$HIGH            (abs)        000000
__CFG_STVREN$ON               (abs)        000000
__CFG_WDTEN$SWDTDIS           (abs)        000000
__CFG_WDTPS$1048576           (abs)        000000
__CFG_WRT0$OFF                (abs)        000000
__CFG_WRT1$OFF                (abs)        000000
__CFG_WRT2$OFF                (abs)        000000
__CFG_WRT3$OFF                (abs)        000000
__CFG_WRTB$OFF                (abs)        000000
__CFG_WRTC$OFF                (abs)        000000
__CFG_WRTD$OFF                (abs)        000000
__CFG_XINST$OFF               (abs)        000000
__HRAM                        (abs)        000000
__Habs1                       abs1         000000
__Hbank0                      bank0        000000
__Hbank1                      bank1        000000
__Hbank10                     bank10       000000
__Hbank11                     bank11       000000
__Hbank12                     bank12       000000
__Hbank13                     bank13       000000
__Hbank14                     bank14       000000
__Hbank2                      bank2        000000
__Hbank3                      bank3        000000
__Hbank4                      bank4        000000
__Hbank5                      bank5        000000
__Hbank6                      bank6        000000
__Hbank7                      bank7        000000
__Hbank8                      bank8        000000
__Hbank9                      bank9        000000
__Hbigbss                     bigbss       000000
__Hbigdata                    bigdata      000000
__Hbigram                     bigram       000000
__Hbss                        bss          000000
__HbssBANK0                   bssBANK0     000000
__HbssCOMRAM                  bssCOMRAM    000000
__Hcinit                      cinit        000000
__Hclrtext                    clrtext      000000
__Hcomram                     comram       000000
__Hconfig                     config       30000E
__Hconst                      const        000000
__HcstackBANK0                cstackBANK0  000000
__HcstackCOMRAM               cstackCOMRAM 000000
__Hdata                       data         000000
__HdataCOMRAM                 dataCOMRAM   000000
__Heeprom_data                eeprom_data  000000
__Hend_init                   end_init     000122
__Hfarbss                     farbss       000000
__Hfardata                    fardata      000000
__Hibigdata                   ibigdata     000000
__Hidata                      idata        000000
__HidataCOMRAM                idataCOMRAM  000000
__Hidloc                      idloc        200008
__Hifardata                   ifardata     000000
__Hinit                       init         00011E
__Hintcode                    intcode      000018
__Hintcode_body               intcode_body 000000
__Hintcodelo                  intcodelo    00011E
__Hintentry                   intentry     000000
__Hintret                     intret       000000
__Hintsave_regs               intsave_regs 000000
__Hirdata                     irdata       000000
__Hmediumconst                mediumconst  000000
__Hnvbit                      nvbit        000000
__Hnvrram                     nvrram       000000
__Hparam                      param0       000000
__Hparam0                     param0       000000
__Hpowerup                    powerup      00011E
__Hram                        ram          000000
__Hramtop                     ramtop       000F00
__Hrbit                       rbit         000000
__Hrbss                       rbss         000000
__Hrdata                      rdata        000000
__Hreset_vec                  reset_vec    000004
__Hsfr                        sfr          000000
__Hsmallconst                 smallconst   000F7C
__Hstruct                     struct       000000
__Htemp                       temp         000000
__Htext                       text         000000
__Htext0                      text0        000000
__Htext1                      text1        000000
__Htext10                     text10       000000
__Htext11                     text11       000000
__Htext13                     text13       000000
__Htext14                     text14       000000
__Htext15                     text15       000000
__Htext16                     text16       000000
__Htext17                     text17       000000
__Htext19                     text19       000000
__Htext2                      text2        000000
__Htext20                     text20       000000
__Htext21                     text21       000000
__Htext22                     text22       000000
__Htext23                     text23       000000
__Htext24                     text24       000000
__Htext25                     text25       000000
__Htext3                      text3        000000
__Htext4                      text4        000000
__Htext5                      text5        000000
__Htext6                      text6        000000
__Htext7                      text7        000000
__Htext8                      text8        000000
__Htext9                      text9        000000
__LRAM                        (abs)        000001
__Labs1                       abs1         000000
__Lbank0                      bank0        000000
__Lbank1                      bank1        000000
__Lbank10                     bank10       000000
__Lbank11                     bank11       000000
__Lbank12                     bank12       000000
__Lbank13                     bank13       000000
__Lbank14                     bank14       000000
__Lbank2                      bank2        000000
__Lbank3                      bank3        000000
__Lbank4                      bank4        000000
__Lbank5                      bank5        000000
__Lbank6                      bank6        000000
__Lbank7                      bank7        000000
__Lbank8                      bank8        000000
__Lbank9                      bank9        000000
__Lbigbss                     bigbss       000000
__Lbigdata                    bigdata      000000
__Lbigram                     bigram       000000
__Lbss                        bss          000000
__LbssBANK0                   bssBANK0     000000
__LbssCOMRAM                  bssCOMRAM    000000
__Lcinit                      cinit        000000
__Lclrtext                    clrtext      000000
__Lcomram                     comram       000000
__Lconfig                     config       300000
__Lconst                      const        000000
__LcstackBANK0                cstackBANK0  000000
__LcstackCOMRAM               cstackCOMRAM 000000
__Ldata                       data         000000
__LdataCOMRAM                 dataCOMRAM   000000
__Leeprom_data                eeprom_data  000000
__Lend_init                   end_init     00011E
__Lfarbss                     farbss       000000
__Lfardata                    fardata      000000
__Libigdata                   ibigdata     000000
__Lidata                      idata        000000
__LidataCOMRAM                idataCOMRAM  000000
__Lidloc                      idloc        200000
__Lifardata                   ifardata     000000
__Linit                       init         00011E
__Lintcode                    intcode      000008
__Lintcode_body               intcode_body 000000
__Lintcodelo                  intcodelo    000018
__Lintentry                   intentry     000000
__Lintret                     intret       000000
__Lintsave_regs               intsave_regs 000000
__Lirdata                     irdata       000000
__Lmediumconst                mediumconst  000000
__Lnvbit                      nvbit        000000
__Lnvrram                     nvrram       000000
__Lparam                      param0       000000
__Lparam0                     param0       000000
__Lpowerup                    powerup      00011E
__Lram                        ram          000000
__Lramtop                     ramtop       000F00
__Lrbit                       rbit         000000
__Lrbss                       rbss         000000
__Lrdata                      rdata        000000
__Lreset_vec                  reset_vec    000000
__Lsfr                        sfr          000000
__Lsmallconst                 smallconst   000F00
__Lstruct                     struct       000000
__Ltemp                       temp         000000
__Ltext                       text         000000
__Ltext0                      text0        000000
__Ltext1                      text1        000000
__Ltext10                     text10       000000
__Ltext11                     text11       000000
__Ltext13                     text13       000000
__Ltext14                     text14       000000
__Ltext15                     text15       000000
__Ltext16                     text16       000000
__Ltext17                     text17       000000
__Ltext19                     text19       000000
__Ltext2                      text2        000000
__Ltext20                     text20       000000
__Ltext21                     text21       000000
__Ltext22                     text22       000000
__Ltext23                     text23       000000
__Ltext24                     text24       000000
__Ltext25                     text25       000000
__Ltext3                      text3        000000
__Ltext4                      text4        000000
__Ltext5                      text5        000000
__Ltext6                      text6        000000
__Ltext7                      text7        000000
__Ltext8                      text8        000000
__Ltext9                      text9        000000
__S0                          (abs)        30000E
__S1                          (abs)        0000B8
___lwdiv                      text10       001878
___lwdiv@counter              cstackBANK0  000092
___lwdiv@dividend             cstackBANK0  00008B
___lwdiv@divisor              cstackBANK0  00008D
___lwdiv@quotient             cstackBANK0  000090
___lwmod                      text11       001B5C
___lwmod@counter              cstackBANK0  000098
___lwmod@dividend             cstackBANK0  000093
___lwmod@divisor              cstackBANK0  000095
__accesstop                   (abs)        000060
__activetblptr                (abs)        000003
__end_of_ConfigureOscillator  text2        001ECC
__end_of_Delay10KTCYx         text4        001F4A
__end_of_InitApp              text3        001AAE
__end_of_Open2USART           text9        001D38
__end_of_OpenTimer0           text8        001EAA
__end_of_Read2USART           text19       001E48
__end_of_Write2USART          text6        001EEC
__end_of_WriteTimer0          text7        001FB6
__end_of___lwdiv              text10       001938
__end_of___lwmod              text11       001BFC
__end_of__initialization      cinit        001E7A
__end_of__stringdata          smallconst   000F7B
__end_of_doHeartBeat          text20       001FBA
__end_of_dpowers              smallconst   000F0A
__end_of_high_isr             intcode_body 001B5C
__end_of_low_isr              intcodelo    00011E
__end_of_main                 text0        0016A8
__end_of_printf               text1        00120A
__end_of_putch                text5        001F62
__end_ofi1_Write2USART        text15       001F0C
__end_ofi1___lwdiv            text16       001DA4
__end_ofi1___lwmod            text17       001E00
__end_ofi1_printf             text13       001878
__end_ofi1_putch              text14       001F90
__end_ofi2_Write2USART        text23       001F2C
__end_ofi2___lwdiv            text24       0019F8
__end_ofi2___lwmod            text25       001C9C
__end_ofi2_printf             text21       001498
__end_ofi2_putch              text22       001F7A
__initialization              cinit        001E48
__mediumconst                 mediumconst  000000
__pbssBANK0                   bssBANK0     0000B6
__pbssCOMRAM                  bssCOMRAM    000045
__pcinit                      cinit        001E48
__pcstackBANK0                cstackBANK0  000060
__pcstackCOMRAM               cstackCOMRAM 000001
__pdataCOMRAM                 dataCOMRAM   000031
__pidataCOMRAM                idataCOMRAM  001F90
__pintcode                    intcode      000008
__pintcode_body               intcode_body 001AAE
__pintcodelo                  intcodelo    000018
__psmallconst                 smallconst   000F00
__ptext0                      text0        001498
__ptext1                      text1        000F7C
__ptext10                     text10       001878
__ptext11                     text11       001B5C
__ptext13                     text13       0016A8
__ptext14                     text14       001F7A
__ptext15                     text15       001EEC
__ptext16                     text16       001D38
__ptext17                     text17       001DA4
__ptext19                     text19       001E00
__ptext2                      text2        001EAA
__ptext20                     text20       001FB6
__ptext21                     text21       00120A
__ptext22                     text22       001F62
__ptext23                     text23       001F0C
__ptext24                     text24       001938
__ptext25                     text25       001BFC
__ptext3                      text3        0019F8
__ptext4                      text4        001F2C
__ptext5                      text5        001F4A
__ptext6                      text6        001ECC
__ptext7                      text7        001FA4
__ptext8                      text8        001E80
__ptext9                      text9        001C9C
__ramtop                      ramtop       000F00
__size_of_ConfigureOscillator (abs)        000000
__size_of_Delay10KTCYx        (abs)        000000
__size_of_InitApp             (abs)        000000
__size_of_Open2USART          (abs)        000000
__size_of_OpenTimer0          (abs)        000000
__size_of_Read2USART          (abs)        000000
__size_of_Write2USART         (abs)        000000
__size_of_WriteTimer0         (abs)        000000
__size_of___lwdiv             (abs)        000000
__size_of___lwmod             (abs)        000000
__size_of_doHeartBeat         (abs)        000000
__size_of_high_isr            (abs)        000000
__size_of_low_isr             (abs)        000000
__size_of_main                (abs)        000000
__size_of_printf              (abs)        000000
__size_of_putch               (abs)        000000
__size_ofi1_Write2USART       (abs)        000000
__size_ofi1___lwdiv           (abs)        000000
__size_ofi1___lwmod           (abs)        000000
__size_ofi1_printf            (abs)        000000
__size_ofi1_putch             (abs)        000000
__size_ofi2_Write2USART       (abs)        000000
__size_ofi2___lwdiv           (abs)        000000
__size_ofi2___lwmod           (abs)        000000
__size_ofi2_printf            (abs)        000000
__size_ofi2_putch             (abs)        000000
__smallconst                  smallconst   000F00
__stringdata                  smallconst   000F0A
_adcIndex                     bssCOMRAM    000051
_characterReceived            bssBANK0     0000B7
_doHeartBeat                  text20       001FB6
_dpowers                      smallconst   000F00
_endLine                      dataCOMRAM   000042
_high_isr                     intcode      000008
_low_isr                      intcodelo    000018
_main                         text0        001498
_openString                   dataCOMRAM   000031
_printf                       text1        000F7C
_putch                        text5        001F4A
_temperature                  bssCOMRAM    000045
end_of_initialization         cinit        001E7A
i1Write2USART@data            cstackCOMRAM 000001
i1_Write2USART                text15       001EEC
i1___lwdiv                    text16       001D38
i1___lwdiv@counter            cstackCOMRAM 000008
i1___lwdiv@dividend           cstackCOMRAM 000001
i1___lwdiv@divisor            cstackCOMRAM 000003
i1___lwdiv@quotient           cstackCOMRAM 000006
i1___lwmod                    text17       001DA4
i1___lwmod@counter            cstackCOMRAM 00000E
i1___lwmod@dividend           cstackCOMRAM 000009
i1___lwmod@divisor            cstackCOMRAM 00000B
i1_printf                     text13       0016A8
i1_putch                      text14       001F7A
i1printf@_val                 cstackCOMRAM 000017
i1printf@ap                   cstackCOMRAM 000014
i1printf@c                    cstackCOMRAM 00001C
i1printf@f                    cstackCOMRAM 00000F
i1printf@flag                 cstackCOMRAM 000016
i1printf@prec                 cstackCOMRAM 000013
i1putch@data                  cstackCOMRAM 000002
i2Write2USART@data            cstackBANK0  000060
i2_Write2USART                text23       001F0C
i2___lwdiv                    text24       001938
i2___lwdiv@counter            cstackBANK0  000065
i2___lwdiv@dividend           cstackBANK0  000060
i2___lwdiv@divisor            cstackBANK0  000062
i2___lwdiv@quotient           cstackBANK0  000066
i2___lwmod                    text25       001BFC
i2___lwmod@counter            cstackBANK0  00006D
i2___lwmod@dividend           cstackBANK0  000068
i2___lwmod@divisor            cstackBANK0  00006A
i2_printf                     text21       00120A
i2_putch                      text22       001F62
i2printf@_val                 cstackBANK0  000076
i2printf@ap                   cstackBANK0  000073
i2printf@c                    cstackBANK0  00007B
i2printf@f                    cstackBANK0  00006E
i2printf@flag                 cstackBANK0  000075
i2printf@prec                 cstackBANK0  000072
i2putch@data                  cstackBANK0  000061
int_func                      intcode_body 001AAE
intlevel0                     text         000000
intlevel1                     text         000000
intlevel2                     text         000000
intlevel3                     text         000000
low_isr@index                 cstackCOMRAM 000030
main@i                        cstackBANK0  0000B4
main@index                    cstackBANK0  0000B3
main@sensorValue              cstackBANK0  0000B1
printf@_val                   cstackBANK0  0000A5
printf@ap                     cstackBANK0  0000A2
printf@c                      cstackBANK0  0000AA
printf@f                      cstackBANK0  000099
printf@flag                   cstackBANK0  0000A4
printf@prec                   cstackBANK0  0000A1
putch@data                    cstackBANK0  00008C
start                         init         00011E
start_initialization          cinit        001E48


FUNCTION INFORMATION:

 *************** function _main *****************
 Defined at:
		line 26 in file "main.c"
 Parameters:    Size  Location     Type
		None
 Auto vars:     Size  Location     Type
  i               2   84[BANK0 ] int 
  sensorValue     2   81[BANK0 ] unsigned int 
  index           1   83[BANK0 ] unsigned char 
 Return value:  Size  Location     Type
		None               void
 Registers used:
		wreg, fsr0l, fsr0h, fsr1l, fsr1h, fsr2l, fsr2h, status,2, status,0, pclat, tosl, structret, tblptrl, tblptrh, tblptru, prodl, prodh, bsr, cstack
 Tracked objects:
		On entry : 
		On exit  : 
		Unchanged: 
 Data sizes:     COMRAM   BANK0   BANK1   BANK2   BANK3   BANK4   BANK5   BANK6   BANK7   BANK8   BANK9  BANK10  BANK11  BANK12  BANK13  BANK14
      Params:         0       0       0       0       0       0       0       0       0       0       0       0       0       0       0       0
      Locals:         0       5       0       0       0       0       0       0       0       0       0       0       0       0       0       0
      Temps:          0       6       0       0       0       0       0       0       0       0       0       0       0       0       0       0
      Totals:         0      11       0       0       0       0       0       0       0       0       0       0       0       0       0       0
Total ram usage:       11 bytes
 Hardware stack levels required when called:   11
 This function calls:
		_ConfigureOscillator
		_InitApp
		_Delay10KTCYx
		_printf
 This function is called by:
		Startup code after reset
 This function uses a non-reentrant model


 *************** function _printf *****************
 Defined at:
		line 465 in file "/opt/microchip/xc8/v1.12/sources/doprnt.c"
 Parameters:    Size  Location     Type
  f               2   57[BANK0 ] PTR const unsigned char 
		 -> STR_7(15), STR_6(2), STR_5(41), STR_4(2), 
		 -> STR_3(2), STR_2(28), STR_1(29), 
 Auto vars:     Size  Location     Type
  _val            5   69[BANK0 ] struct .
  ap              2   66[BANK0 ] PTR void [1]
		 -> ?_printf(2), 
  c               1   74[BANK0 ] char 
  flag            1   68[BANK0 ] unsigned char 
  prec            1   65[BANK0 ] char 
 Return value:  Size  Location     Type
                  2   57[BANK0 ] int 
 Registers used:
		wreg, fsr0l, fsr0h, fsr1l, fsr1h, fsr2l, fsr2h, status,2, status,0, pclat, tosl, structret, tblptrl, tblptrh, tblptru, prodl, prodh, bsr, cstack
 Tracked objects:
		On entry : 
		On exit  : 
		Unchanged: 
 Data sizes:     COMRAM   BANK0   BANK1   BANK2   BANK3   BANK4   BANK5   BANK6   BANK7   BANK8   BANK9  BANK10  BANK11  BANK12  BANK13  BANK14
      Params:         0       6       0       0       0       0       0       0       0       0       0       0       0       0       0       0
      Locals:         0      10       0       0       0       0       0       0       0       0       0       0       0       0       0       0
      Temps:          0       2       0       0       0       0       0       0       0       0       0       0       0       0       0       0
      Totals:         0      18       0       0       0       0       0       0       0       0       0       0       0       0       0       0
Total ram usage:       18 bytes
 Hardware stack levels used:    1
 Hardware stack levels required when called:   10
 This function calls:
		_putch
		___lwdiv
		___lwmod
 This function is called by:
		_main
 This function uses a non-reentrant model


 *************** function _ConfigureOscillator *****************
 Defined at:
		line 17 in file "system.c"
 Parameters:    Size  Location     Type
		None
 Auto vars:     Size  Location     Type
		None
 Return value:  Size  Location     Type
		None               void
 Registers used:
		wreg, status,2
 Tracked objects:
		On entry : 
		On exit  : 
		Unchanged: 
 Data sizes:     COMRAM   BANK0   BANK1   BANK2   BANK3   BANK4   BANK5   BANK6   BANK7   BANK8   BANK9  BANK10  BANK11  BANK12  BANK13  BANK14
      Params:         0       0       0       0       0       0       0       0       0       0       0       0       0       0       0       0
      Locals:         0       0       0       0       0       0       0       0       0       0       0       0       0       0       0       0
      Temps:          0       0       0       0       0       0       0       0       0       0       0       0       0       0       0       0
      Totals:         0       0       0       0       0       0       0       0       0       0       0       0       0       0       0       0
Total ram usage:        0 bytes
 Hardware stack levels used:    1
 Hardware stack levels required when called:    8
 This function calls:
		Nothing
 This function is called by:
		_main
 This function uses a non-reentrant model


 *************** function _InitApp *****************
 Defined at:
		line 33 in file "user.c"
 Parameters:    Size  Location     Type
		None
 Auto vars:     Size  Location     Type
		None
 Return value:  Size  Location     Type
		None               void
 Registers used:
		wreg, status,2, status,0, cstack
 Tracked objects:
		On entry : 
		On exit  : 
		Unchanged: 
 Data sizes:     COMRAM   BANK0   BANK1   BANK2   BANK3   BANK4   BANK5   BANK6   BANK7   BANK8   BANK9  BANK10  BANK11  BANK12  BANK13  BANK14
      Params:         0       0       0       0       0       0       0       0       0       0       0       0       0       0       0       0
      Locals:         0       0       0       0       0       0       0       0       0       0       0       0       0       0       0       0
      Temps:          0       1       0       0       0       0       0       0       0       0       0       0       0       0       0       0
      Totals:         0       1       0       0       0       0       0       0       0       0       0       0       0       0       0       0
Total ram usage:        1 bytes
 Hardware stack levels used:    1
 Hardware stack levels required when called:    9
 This function calls:
		_WriteTimer0
		_OpenTimer0
		_Open2USART
 This function is called by:
		_main
 This function uses a non-reentrant model


 *************** function _Delay10KTCYx *****************
 Defined at:
		line 9 in file "../common/d10ktcyx.c"
 Parameters:    Size  Location     Type
  unit            1   43[BANK0 ] unsigned char 
 Auto vars:     Size  Location     Type
		None
 Return value:  Size  Location     Type
		None               void
 Registers used:
		wreg
 Tracked objects:
		On entry : 
		On exit  : 
		Unchanged: 
 Data sizes:     COMRAM   BANK0   BANK1   BANK2   BANK3   BANK4   BANK5   BANK6   BANK7   BANK8   BANK9  BANK10  BANK11  BANK12  BANK13  BANK14
      Params:         0       1       0       0       0       0       0       0       0       0       0       0       0       0       0       0
      Locals:         0       0       0       0       0       0       0       0       0       0       0       0       0       0       0       0
      Temps:          0       1       0       0       0       0       0       0       0       0       0       0       0       0       0       0
      Totals:         0       2       0       0       0       0       0       0       0       0       0       0       0       0       0       0
Total ram usage:        2 bytes
 Hardware stack levels used:    1
 Hardware stack levels required when called:    8
 This function calls:
		Nothing
 This function is called by:
		_main
 This function uses a non-reentrant model


 *************** function _putch *****************
 Defined at:
		line 20 in file "user.c"
 Parameters:    Size  Location     Type
  data            1   44[BANK0 ] unsigned char 
 Auto vars:     Size  Location     Type
		None
 Return value:  Size  Location     Type
		None               void
 Registers used:
		cstack
 Tracked objects:
		On entry : 
		On exit  : 
		Unchanged: 
 Data sizes:     COMRAM   BANK0   BANK1   BANK2   BANK3   BANK4   BANK5   BANK6   BANK7   BANK8   BANK9  BANK10  BANK11  BANK12  BANK13  BANK14
      Params:         0       1       0       0       0       0       0       0       0       0       0       0       0       0       0       0
      Locals:         0       0       0       0       0       0       0       0       0       0       0       0       0       0       0       0
      Temps:          0       0       0       0       0       0       0       0       0       0       0       0       0       0       0       0
      Totals:         0       1       0       0       0       0       0       0       0       0       0       0       0       0       0       0
Total ram usage:        1 bytes
 Hardware stack levels used:    1
 Hardware stack levels required when called:    9
 This function calls:
		_Write2USART
 This function is called by:
		_printf
 This function uses a non-reentrant model


 *************** function _Write2USART *****************
 Defined at:
		line 16 in file "plib/USART/u2write.c"
 Parameters:    Size  Location     Type
  data            1   43[BANK0 ] unsigned char 
 Auto vars:     Size  Location     Type
		None
 Return value:  Size  Location     Type
		None               void
 Registers used:
		None
 Tracked objects:
		On entry : 
		On exit  : 
		Unchanged: 
 Data sizes:     COMRAM   BANK0   BANK1   BANK2   BANK3   BANK4   BANK5   BANK6   BANK7   BANK8   BANK9  BANK10  BANK11  BANK12  BANK13  BANK14
      Params:         0       1       0       0       0       0       0       0       0       0       0       0       0       0       0       0
      Locals:         0       0       0       0       0       0       0       0       0       0       0       0       0       0       0       0
      Temps:          0       0       0       0       0       0       0       0       0       0       0       0       0       0       0       0
      Totals:         0       1       0       0       0       0       0       0       0       0       0       0       0       0       0       0
Total ram usage:        1 bytes
 Hardware stack levels used:    1
 Hardware stack levels required when called:    8
 This function calls:
		Nothing
 This function is called by:
		_putch
 This function uses a non-reentrant model


 *************** function _WriteTimer0 *****************
 Defined at:
		line 17 in file "plib/Timers/t0write.c"
 Parameters:    Size  Location     Type
  timer0          2   43[BANK0 ] unsigned int 
 Auto vars:     Size  Location     Type
  timer           2   45[BANK0 ] struct Timers
 Return value:  Size  Location     Type
		None               void
 Registers used:
		None
 Tracked objects:
		On entry : 
		On exit  : 
		Unchanged: 
 Data sizes:     COMRAM   BANK0   BANK1   BANK2   BANK3   BANK4   BANK5   BANK6   BANK7   BANK8   BANK9  BANK10  BANK11  BANK12  BANK13  BANK14
      Params:         0       2       0       0       0       0       0       0       0       0       0       0       0       0       0       0
      Locals:         0       2       0       0       0       0       0       0       0       0       0       0       0       0       0       0
      Temps:          0       0       0       0       0       0       0       0       0       0       0       0       0       0       0       0
      Totals:         0       4       0       0       0       0       0       0       0       0       0       0       0       0       0       0
Total ram usage:        4 bytes
 Hardware stack levels used:    1
 Hardware stack levels required when called:    8
 This function calls:
		Nothing
 This function is called by:
		_InitApp
 This function uses a non-reentrant model


 *************** function _OpenTimer0 *****************
 Defined at:
		line 19 in file "plib/Timers/t0open.c"
 Parameters:    Size  Location     Type
  config          1   43[BANK0 ] unsigned char 
 Auto vars:     Size  Location     Type
		None
 Return value:  Size  Location     Type
		None               void
 Registers used:
		wreg, status,2, status,0
 Tracked objects:
		On entry : 
		On exit  : 
		Unchanged: 
 Data sizes:     COMRAM   BANK0   BANK1   BANK2   BANK3   BANK4   BANK5   BANK6   BANK7   BANK8   BANK9  BANK10  BANK11  BANK12  BANK13  BANK14
      Params:         0       1       0       0       0       0       0       0       0       0       0       0       0       0       0       0
      Locals:         0       0       0       0       0       0       0       0       0       0       0       0       0       0       0       0
      Temps:          0       0       0       0       0       0       0       0       0       0       0       0       0       0       0       0
      Totals:         0       1       0       0       0       0       0       0       0       0       0       0       0       0       0       0
Total ram usage:        1 bytes
 Hardware stack levels used:    1
 Hardware stack levels required when called:    8
 This function calls:
		Nothing
 This function is called by:
		_InitApp
 This function uses a non-reentrant model


 *************** function _Open2USART *****************
 Defined at:
		line 119 in file "plib/USART/u2open.c"
 Parameters:    Size  Location     Type
  config          1   43[BANK0 ] unsigned char 
  spbrg           2   44[BANK0 ] unsigned int 
 Auto vars:     Size  Location     Type
		None
 Return value:  Size  Location     Type
		None               void
 Registers used:
		wreg, status,2
 Tracked objects:
		On entry : 
		On exit  : 
		Unchanged: 
 Data sizes:     COMRAM   BANK0   BANK1   BANK2   BANK3   BANK4   BANK5   BANK6   BANK7   BANK8   BANK9  BANK10  BANK11  BANK12  BANK13  BANK14
      Params:         0       3       0       0       0       0       0       0       0       0       0       0       0       0       0       0
      Locals:         0       0       0       0       0       0       0       0       0       0       0       0       0       0       0       0
      Temps:          0       0       0       0       0       0       0       0       0       0       0       0       0       0       0       0
      Totals:         0       3       0       0       0       0       0       0       0       0       0       0       0       0       0       0
Total ram usage:        3 bytes
 Hardware stack levels used:    1
 Hardware stack levels required when called:    8
 This function calls:
		Nothing
 This function is called by:
		_InitApp
 This function uses a non-reentrant model


 *************** function ___lwdiv *****************
 Defined at:
		line 10 in file "/opt/microchip/xc8/v1.12/sources/lwdiv.c"
 Parameters:    Size  Location     Type
  dividend        2   43[BANK0 ] unsigned int 
  divisor         2   45[BANK0 ] unsigned int 
 Auto vars:     Size  Location     Type
  quotient        2   48[BANK0 ] unsigned int 
  counter         1   50[BANK0 ] unsigned char 
 Return value:  Size  Location     Type
                  2   43[BANK0 ] unsigned int 
 Registers used:
		wreg, status,2, status,0
 Tracked objects:
		On entry : 
		On exit  : 
		Unchanged: 
 Data sizes:     COMRAM   BANK0   BANK1   BANK2   BANK3   BANK4   BANK5   BANK6   BANK7   BANK8   BANK9  BANK10  BANK11  BANK12  BANK13  BANK14
      Params:         0       4       0       0       0       0       0       0       0       0       0       0       0       0       0       0
      Locals:         0       3       0       0       0       0       0       0       0       0       0       0       0       0       0       0
      Temps:          0       1       0       0       0       0       0       0       0       0       0       0       0       0       0       0
      Totals:         0       8       0       0       0       0       0       0       0       0       0       0       0       0       0       0
Total ram usage:        8 bytes
 Hardware stack levels used:    1
 Hardware stack levels required when called:    8
 This function calls:
		Nothing
 This function is called by:
		_printf
 This function uses a non-reentrant model


 *************** function ___lwmod *****************
 Defined at:
		line 10 in file "/opt/microchip/xc8/v1.12/sources/lwmod.c"
 Parameters:    Size  Location     Type
  dividend        2   51[BANK0 ] unsigned int 
  divisor         2   53[BANK0 ] unsigned int 
 Auto vars:     Size  Location     Type
  counter         1   56[BANK0 ] unsigned char 
 Return value:  Size  Location     Type
                  2   51[BANK0 ] unsigned int 
 Registers used:
		wreg, status,2, status,0
 Tracked objects:
		On entry : 
		On exit  : 
		Unchanged: 
 Data sizes:     COMRAM   BANK0   BANK1   BANK2   BANK3   BANK4   BANK5   BANK6   BANK7   BANK8   BANK9  BANK10  BANK11  BANK12  BANK13  BANK14
      Params:         0       4       0       0       0       0       0       0       0       0       0       0       0       0       0       0
      Locals:         0       1       0       0       0       0       0       0       0       0       0       0       0       0       0       0
      Temps:          0       1       0       0       0       0       0       0       0       0       0       0       0       0       0       0
      Totals:         0       6       0       0       0       0       0       0       0       0       0       0       0       0       0       0
Total ram usage:        6 bytes
 Hardware stack levels used:    1
 Hardware stack levels required when called:    8
 This function calls:
		Nothing
 This function is called by:
		_printf
 This function uses a non-reentrant model


 *************** function _low_isr *****************
 Defined at:
		line 59 in file "interrupts.c"
 Parameters:    Size  Location     Type
		None
 Auto vars:     Size  Location     Type
  index           1   47[COMRAM] unsigned char 
 Return value:  Size  Location     Type
		None               void
 Registers used:
		wreg, fsr2l, fsr2h, status,2, status,0, tblptrl, tblptrh, tblptru, prodl, prodh, cstack
 Tracked objects:
		On entry : 
		On exit  : 
		Unchanged: 
 Data sizes:     COMRAM   BANK0   BANK1   BANK2   BANK3   BANK4   BANK5   BANK6   BANK7   BANK8   BANK9  BANK10  BANK11  BANK12  BANK13  BANK14
      Params:         0       0       0       0       0       0       0       0       0       0       0       0       0       0       0       0
      Locals:         1       0       0       0       0       0       0       0       0       0       0       0       0       0       0       0
      Temps:         19       0       0       0       0       0       0       0       0       0       0       0       0       0       0       0
      Totals:        20       0       0       0       0       0       0       0       0       0       0       0       0       0       0       0
Total ram usage:       20 bytes
 Hardware stack levels used:    1
 Hardware stack levels required when called:    7
 This function calls:
		i1_printf
 This function is called by:
		Interrupt level 1
 This function uses a non-reentrant model


 *************** function i1_printf *****************
 Defined at:
		line 465 in file "/opt/microchip/xc8/v1.12/sources/doprnt.c"
 Parameters:    Size  Location     Type
  printf          2   14[COMRAM] PTR const unsigned char 
		 -> STR_7(15), STR_6(2), STR_5(41), STR_4(2), 
		 -> STR_3(2), STR_2(28), STR_1(29), 
 Auto vars:     Size  Location     Type
  printf          5   22[COMRAM] struct .
  printf          2   19[COMRAM] PTR void [1]
		 -> ?_printf(2), 
  printf          1   27[COMRAM] char 
  printf          1   21[COMRAM] unsigned char 
  printf          1   18[COMRAM] char 
 Return value:  Size  Location     Type
                  2   14[COMRAM] int 
 Registers used:
		wreg, fsr2l, fsr2h, status,2, status,0, tblptrl, tblptrh, tblptru, prodl, prodh, cstack
 Tracked objects:
		On entry : 
		On exit  : 
		Unchanged: 
 Data sizes:     COMRAM   BANK0   BANK1   BANK2   BANK3   BANK4   BANK5   BANK6   BANK7   BANK8   BANK9  BANK10  BANK11  BANK12  BANK13  BANK14
      Params:         2       0       0       0       0       0       0       0       0       0       0       0       0       0       0       0
      Locals:        10       0       0       0       0       0       0       0       0       0       0       0       0       0       0       0
      Temps:          2       0       0       0       0       0       0       0       0       0       0       0       0       0       0       0
      Totals:        14       0       0       0       0       0       0       0       0       0       0       0       0       0       0       0
Total ram usage:       14 bytes
 Hardware stack levels used:    1
 Hardware stack levels required when called:    6
 This function calls:
		i1_putch
		i1___lwdiv
		i1___lwmod
 This function is called by:
		_low_isr
 This function uses a non-reentrant model


 *************** function i1_putch *****************
 Defined at:
		line 20 in file "user.c"
 Parameters:    Size  Location     Type
  putch           1    1[COMRAM] unsigned char 
 Auto vars:     Size  Location     Type
		None
 Return value:  Size  Location     Type
		None               void
 Registers used:
		cstack
 Tracked objects:
		On entry : 
		On exit  : 
		Unchanged: 
 Data sizes:     COMRAM   BANK0   BANK1   BANK2   BANK3   BANK4   BANK5   BANK6   BANK7   BANK8   BANK9  BANK10  BANK11  BANK12  BANK13  BANK14
      Params:         1       0       0       0       0       0       0       0       0       0       0       0       0       0       0       0
      Locals:         0       0       0       0       0       0       0       0       0       0       0       0       0       0       0       0
      Temps:          0       0       0       0       0       0       0       0       0       0       0       0       0       0       0       0
      Totals:         1       0       0       0       0       0       0       0       0       0       0       0       0       0       0       0
Total ram usage:        1 bytes
 Hardware stack levels used:    1
 Hardware stack levels required when called:    5
 This function calls:
		i1_Write2USART
 This function is called by:
		i1_printf
 This function uses a non-reentrant model


 *************** function i1_Write2USART *****************
 Defined at:
		line 16 in file "plib/USART/u2write.c"
 Parameters:    Size  Location     Type
  Write2USART     1    0[COMRAM] unsigned char 
 Auto vars:     Size  Location     Type
		None
 Return value:  Size  Location     Type
		None               void
 Registers used:
		None
 Tracked objects:
		On entry : 
		On exit  : 
		Unchanged: 
 Data sizes:     COMRAM   BANK0   BANK1   BANK2   BANK3   BANK4   BANK5   BANK6   BANK7   BANK8   BANK9  BANK10  BANK11  BANK12  BANK13  BANK14
      Params:         1       0       0       0       0       0       0       0       0       0       0       0       0       0       0       0
      Locals:         0       0       0       0       0       0       0       0       0       0       0       0       0       0       0       0
      Temps:          0       0       0       0       0       0       0       0       0       0       0       0       0       0       0       0
      Totals:         1       0       0       0       0       0       0       0       0       0       0       0       0       0       0       0
Total ram usage:        1 bytes
 Hardware stack levels used:    1
 Hardware stack levels required when called:    4
 This function calls:
		Nothing
 This function is called by:
		i1_putch
 This function uses a non-reentrant model


 *************** function i1___lwdiv *****************
 Defined at:
		line 10 in file "/opt/microchip/xc8/v1.12/sources/lwdiv.c"
 Parameters:    Size  Location     Type
  __lwdiv         2    0[COMRAM] unsigned int 
  __lwdiv         2    2[COMRAM] unsigned int 
 Auto vars:     Size  Location     Type
  __lwdiv         2    5[COMRAM] unsigned int 
  __lwdiv         1    7[COMRAM] unsigned char 
 Return value:  Size  Location     Type
                  2    0[COMRAM] unsigned int 
 Registers used:
		wreg, status,2, status,0
 Tracked objects:
		On entry : 
		On exit  : 
		Unchanged: 
 Data sizes:     COMRAM   BANK0   BANK1   BANK2   BANK3   BANK4   BANK5   BANK6   BANK7   BANK8   BANK9  BANK10  BANK11  BANK12  BANK13  BANK14
      Params:         4       0       0       0       0       0       0       0       0       0       0       0       0       0       0       0
      Locals:         3       0       0       0       0       0       0       0       0       0       0       0       0       0       0       0
      Temps:          1       0       0       0       0       0       0       0       0       0       0       0       0       0       0       0
      Totals:         8       0       0       0       0       0       0       0       0       0       0       0       0       0       0       0
Total ram usage:        8 bytes
 Hardware stack levels used:    1
 Hardware stack levels required when called:    4
 This function calls:
		Nothing
 This function is called by:
		i1_printf
 This function uses a non-reentrant model


 *************** function i1___lwmod *****************
 Defined at:
		line 10 in file "/opt/microchip/xc8/v1.12/sources/lwmod.c"
 Parameters:    Size  Location     Type
  __lwmod         2    8[COMRAM] unsigned int 
  __lwmod         2   10[COMRAM] unsigned int 
 Auto vars:     Size  Location     Type
  __lwmod         1   13[COMRAM] unsigned char 
 Return value:  Size  Location     Type
                  2    8[COMRAM] unsigned int 
 Registers used:
		wreg, status,2, status,0
 Tracked objects:
		On entry : 
		On exit  : 
		Unchanged: 
 Data sizes:     COMRAM   BANK0   BANK1   BANK2   BANK3   BANK4   BANK5   BANK6   BANK7   BANK8   BANK9  BANK10  BANK11  BANK12  BANK13  BANK14
      Params:         4       0       0       0       0       0       0       0       0       0       0       0       0       0       0       0
      Locals:         1       0       0       0       0       0       0       0       0       0       0       0       0       0       0       0
      Temps:          1       0       0       0       0       0       0       0       0       0       0       0       0       0       0       0
      Totals:         6       0       0       0       0       0       0       0       0       0       0       0       0       0       0       0
Total ram usage:        6 bytes
 Hardware stack levels used:    1
 Hardware stack levels required when called:    4
 This function calls:
		Nothing
 This function is called by:
		i1_printf
 This function uses a non-reentrant model


 *************** function _high_isr *****************
 Defined at:
		line 20 in file "interrupts.c"
 Parameters:    Size  Location     Type
		None
 Auto vars:     Size  Location     Type
		None
 Return value:  Size  Location     Type
		None               void
 Registers used:
		wreg, fsr2l, fsr2h, status,2, status,0, tblptrl, tblptrh, tblptru, prodl, prodh, cstack
 Tracked objects:
		On entry : 
		On exit  : 
		Unchanged: 
 Data sizes:     COMRAM   BANK0   BANK1   BANK2   BANK3   BANK4   BANK5   BANK6   BANK7   BANK8   BANK9  BANK10  BANK11  BANK12  BANK13  BANK14
      Params:         0       0       0       0       0       0       0       0       0       0       0       0       0       0       0       0
      Locals:         0       0       0       0       0       0       0       0       0       0       0       0       0       0       0       0
      Temps:          0      15       0       0       0       0       0       0       0       0       0       0       0       0       0       0
      Totals:         0      15       0       0       0       0       0       0       0       0       0       0       0       0       0       0
Total ram usage:       15 bytes
 Hardware stack levels used:    1
 Hardware stack levels required when called:    3
 This function calls:
		_Read2USART
		_doHeartBeat
		i2_printf
 This function is called by:
		Interrupt level 2
 This function uses a non-reentrant model


 *************** function _Read2USART *****************
 Defined at:
		line 18 in file "plib/USART/u2read.c"
 Parameters:    Size  Location     Type
		None
 Auto vars:     Size  Location     Type
  data            1    0[BANK0 ] unsigned char 
 Return value:  Size  Location     Type
                  1    wreg      unsigned char 
 Registers used:
		wreg, status,2, status,0
 Tracked objects:
		On entry : 
		On exit  : 
		Unchanged: 
 Data sizes:     COMRAM   BANK0   BANK1   BANK2   BANK3   BANK4   BANK5   BANK6   BANK7   BANK8   BANK9  BANK10  BANK11  BANK12  BANK13  BANK14
      Params:         0       0       0       0       0       0       0       0       0       0       0       0       0       0       0       0
      Locals:         0       1       0       0       0       0       0       0       0       0       0       0       0       0       0       0
      Temps:          0       0       0       0       0       0       0       0       0       0       0       0       0       0       0       0
      Totals:         0       1       0       0       0       0       0       0       0       0       0       0       0       0       0       0
Total ram usage:        1 bytes
 Hardware stack levels used:    1
 This function calls:
		Nothing
 This function is called by:
		_high_isr
 This function uses a non-reentrant model


 *************** function _doHeartBeat *****************
 Defined at:
		line 108 in file "user.c"
 Parameters:    Size  Location     Type
		None
 Auto vars:     Size  Location     Type
		None
 Return value:  Size  Location     Type
		None               void
 Registers used:
		None
 Tracked objects:
		On entry : 
		On exit  : 
		Unchanged: 
 Data sizes:     COMRAM   BANK0   BANK1   BANK2   BANK3   BANK4   BANK5   BANK6   BANK7   BANK8   BANK9  BANK10  BANK11  BANK12  BANK13  BANK14
      Params:         0       0       0       0       0       0       0       0       0       0       0       0       0       0       0       0
      Locals:         0       0       0       0       0       0       0       0       0       0       0       0       0       0       0       0
      Temps:          0       0       0       0       0       0       0       0       0       0       0       0       0       0       0       0
      Totals:         0       0       0       0       0       0       0       0       0       0       0       0       0       0       0       0
Total ram usage:        0 bytes
 Hardware stack levels used:    1
 This function calls:
		Nothing
 This function is called by:
		_high_isr
 This function uses a non-reentrant model


 *************** function i2_printf *****************
 Defined at:
		line 465 in file "/opt/microchip/xc8/v1.12/sources/doprnt.c"
 Parameters:    Size  Location     Type
  printf          2   14[BANK0 ] PTR const unsigned char 
		 -> STR_7(15), STR_6(2), STR_5(41), STR_4(2), 
		 -> STR_3(2), STR_2(28), STR_1(29), 
 Auto vars:     Size  Location     Type
  printf          5   22[BANK0 ] struct .
  printf          2   19[BANK0 ] PTR void [1]
		 -> ?_printf(2), 
  printf          1   27[BANK0 ] char 
  printf          1   21[BANK0 ] unsigned char 
  printf          1   18[BANK0 ] char 
 Return value:  Size  Location     Type
                  2   14[BANK0 ] int 
 Registers used:
		wreg, fsr2l, fsr2h, status,2, status,0, tblptrl, tblptrh, tblptru, prodl, prodh, cstack
 Tracked objects:
		On entry : 
		On exit  : 
		Unchanged: 
 Data sizes:     COMRAM   BANK0   BANK1   BANK2   BANK3   BANK4   BANK5   BANK6   BANK7   BANK8   BANK9  BANK10  BANK11  BANK12  BANK13  BANK14
      Params:         0       2       0       0       0       0       0       0       0       0       0       0       0       0       0       0
      Locals:         0      10       0       0       0       0       0       0       0       0       0       0       0       0       0       0
      Temps:          0       2       0       0       0       0       0       0       0       0       0       0       0       0       0       0
      Totals:         0      14       0       0       0       0       0       0       0       0       0       0       0       0       0       0
Total ram usage:       14 bytes
 Hardware stack levels used:    1
 Hardware stack levels required when called:    2
 This function calls:
		i2_putch
		i2___lwdiv
		i2___lwmod
 This function is called by:
		_high_isr
 This function uses a non-reentrant model


 *************** function i2_putch *****************
 Defined at:
		line 20 in file "user.c"
 Parameters:    Size  Location     Type
  putch           1    1[BANK0 ] unsigned char 
 Auto vars:     Size  Location     Type
		None
 Return value:  Size  Location     Type
		None               void
 Registers used:
		cstack
 Tracked objects:
		On entry : 
		On exit  : 
		Unchanged: 
 Data sizes:     COMRAM   BANK0   BANK1   BANK2   BANK3   BANK4   BANK5   BANK6   BANK7   BANK8   BANK9  BANK10  BANK11  BANK12  BANK13  BANK14
      Params:         0       1       0       0       0       0       0       0       0       0       0       0       0       0       0       0
      Locals:         0       0       0       0       0       0       0       0       0       0       0       0       0       0       0       0
      Temps:          0       0       0       0       0       0       0       0       0       0       0       0       0       0       0       0
      Totals:         0       1       0       0       0       0       0       0       0       0       0       0       0       0       0       0
Total ram usage:        1 bytes
 Hardware stack levels used:    1
 Hardware stack levels required when called:    1
 This function calls:
		i2_Write2USART
 This function is called by:
		i2_printf
 This function uses a non-reentrant model


 *************** function i2_Write2USART *****************
 Defined at:
		line 16 in file "plib/USART/u2write.c"
 Parameters:    Size  Location     Type
  Write2USART     1    0[BANK0 ] unsigned char 
 Auto vars:     Size  Location     Type
		None
 Return value:  Size  Location     Type
		None               void
 Registers used:
		None
 Tracked objects:
		On entry : 
		On exit  : 
		Unchanged: 
 Data sizes:     COMRAM   BANK0   BANK1   BANK2   BANK3   BANK4   BANK5   BANK6   BANK7   BANK8   BANK9  BANK10  BANK11  BANK12  BANK13  BANK14
      Params:         0       1       0       0       0       0       0       0       0       0       0       0       0       0       0       0
      Locals:         0       0       0       0       0       0       0       0       0       0       0       0       0       0       0       0
      Temps:          0       0       0       0       0       0       0       0       0       0       0       0       0       0       0       0
      Totals:         0       1       0       0       0       0       0       0       0       0       0       0       0       0       0       0
Total ram usage:        1 bytes
 Hardware stack levels used:    1
 This function calls:
		Nothing
 This function is called by:
		i2_putch
 This function uses a non-reentrant model


 *************** function i2___lwdiv *****************
 Defined at:
		line 10 in file "/opt/microchip/xc8/v1.12/sources/lwdiv.c"
 Parameters:    Size  Location     Type
  __lwdiv         2    0[BANK0 ] unsigned int 
  __lwdiv         2    2[BANK0 ] unsigned int 
 Auto vars:     Size  Location     Type
  __lwdiv         2    6[BANK0 ] unsigned int 
  __lwdiv         1    5[BANK0 ] unsigned char 
 Return value:  Size  Location     Type
                  2    0[BANK0 ] unsigned int 
 Registers used:
		wreg, status,2, status,0
 Tracked objects:
		On entry : 
		On exit  : 
		Unchanged: 
 Data sizes:     COMRAM   BANK0   BANK1   BANK2   BANK3   BANK4   BANK5   BANK6   BANK7   BANK8   BANK9  BANK10  BANK11  BANK12  BANK13  BANK14
      Params:         0       4       0       0       0       0       0       0       0       0       0       0       0       0       0       0
      Locals:         0       3       0       0       0       0       0       0       0       0       0       0       0       0       0       0
      Temps:          0       1       0       0       0       0       0       0       0       0       0       0       0       0       0       0
      Totals:         0       8       0       0       0       0       0       0       0       0       0       0       0       0       0       0
Total ram usage:        8 bytes
 Hardware stack levels used:    1
 This function calls:
		Nothing
 This function is called by:
		i2_printf
 This function uses a non-reentrant model


 *************** function i2___lwmod *****************
 Defined at:
		line 10 in file "/opt/microchip/xc8/v1.12/sources/lwmod.c"
 Parameters:    Size  Location     Type
  __lwmod         2    8[BANK0 ] unsigned int 
  __lwmod         2   10[BANK0 ] unsigned int 
 Auto vars:     Size  Location     Type
  __lwmod         1   13[BANK0 ] unsigned char 
 Return value:  Size  Location     Type
                  2    8[BANK0 ] unsigned int 
 Registers used:
		wreg, status,2, status,0
 Tracked objects:
		On entry : 
		On exit  : 
		Unchanged: 
 Data sizes:     COMRAM   BANK0   BANK1   BANK2   BANK3   BANK4   BANK5   BANK6   BANK7   BANK8   BANK9  BANK10  BANK11  BANK12  BANK13  BANK14
      Params:         0       4       0       0       0       0       0       0       0       0       0       0       0       0       0       0
      Locals:         0       1       0       0       0       0       0       0       0       0       0       0       0       0       0       0
      Temps:          0       1       0       0       0       0       0       0       0       0       0       0       0       0       0       0
      Totals:         0       6       0       0       0       0       0       0       0       0       0       0       0       0       0       0
Total ram usage:        6 bytes
 Hardware stack levels used:    1
 This function calls:
		Nothing
 This function is called by:
		i2_printf
 This function uses a non-reentrant model



MODULE INFORMATION

Module		Function		Class		Link	Load	Size
plib/Timers/t0open.c
		_OpenTimer0    		CODE           	1E80	0000	42

plib/Timers/t0open.c estimated size: 42

../common/d10ktcyx.c
		_Delay10KTCYx  		CODE           	1F2C	0000	30

../common/d10ktcyx.c estimated size: 30

plib/USART/u2open.c
		_Open2USART    		CODE           	1C9C	0000	156

plib/USART/u2open.c estimated size: 156

shared
		i1_printf      		CODE           	16A8	0000	464
		i2_printf      		CODE           	120A	0000	654
		i1_putch       		CODE           	1F7A	0000	22
		i2_putch       		CODE           	1F62	0000	24
		__stringdata   		SMALLCONST     	0F0A	0000	113
		i1___lwdiv     		CODE           	1D38	0000	108
		_dpowers       		SMALLCONST     	0F00	0000	10
		i2___lwdiv     		CODE           	1938	0000	192
		i1___lwmod     		CODE           	1DA4	0000	92
		i2___lwmod     		CODE           	1BFC	0000	160
		__initializatio		CODE           	1E48	0000	50
		i1_Write2USART 		CODE           	1EEC	0000	32
		i2_Write2USART 		CODE           	1F0C	0000	32

shared estimated size: 1953

main.c
		_main          		CODE           	1498	0000	528

main.c estimated size: 528

plib/Timers/t0write.c
		_WriteTimer0   		CODE           	1FA4	0000	18

plib/Timers/t0write.c estimated size: 18

system.c
		_ConfigureOscil		CODE           	1EAA	0000	34

system.c estimated size: 34

interrupts.c
		_high_isr      		CODE           	0008	0000	6996
		_low_isr       		CODE           	0018	0000	262

interrupts.c estimated size: 7258

/opt/microchip/xc8/v1.12/sources/lwmod.c
		___lwmod       		CODE           	1B5C	0000	160

/opt/microchip/xc8/v1.12/sources/lwmod.c estimated size: 160

/opt/microchip/xc8/v1.12/sources/lwdiv.c
		___lwdiv       		CODE           	1878	0000	192

/opt/microchip/xc8/v1.12/sources/lwdiv.c estimated size: 192

plib/USART/u2write.c
		_Write2USART   		CODE           	1ECC	0000	32

plib/USART/u2write.c estimated size: 32

/opt/microchip/xc8/v1.12/sources/doprnt.c
		_printf        		CODE           	0F7C	0000	654

/opt/microchip/xc8/v1.12/sources/doprnt.c estimated size: 654

user.c
		_doHeartBeat   		CODE           	1FB6	0000	4
		_putch         		CODE           	1F4A	0000	24
		_InitApp       		CODE           	19F8	0000	182

user.c estimated size: 210

plib/USART/u2read.c
		_Read2USART    		CODE           	1E00	0000	72

plib/USART/u2read.c estimated size: 72

